Archive member included to satisfy reference by file (symbol)

c:/st/stm32cubeide_1.11.0/stm32cubeide/plugins/com.st.stm32cube.ide.mcu.externaltools.gnu-tools-for-stm32.10.3-2021.10.win32_1.0.200.202301161003/tools/bin/../lib/gcc/arm-none-eabi/10.3.1/../../../../arm-none-eabi/lib/thumb/v7-m/nofp\libc_nano.a(lib_a-errno.o)
                              ./Core/Src/syscalls.o (__errno)
c:/st/stm32cubeide_1.11.0/stm32cubeide/plugins/com.st.stm32cube.ide.mcu.externaltools.gnu-tools-for-stm32.10.3-2021.10.win32_1.0.200.202301161003/tools/bin/../lib/gcc/arm-none-eabi/10.3.1/../../../../arm-none-eabi/lib/thumb/v7-m/nofp\libc_nano.a(lib_a-exit.o)
                              c:/st/stm32cubeide_1.11.0/stm32cubeide/plugins/com.st.stm32cube.ide.mcu.externaltools.gnu-tools-for-stm32.10.3-2021.10.win32_1.0.200.202301161003/tools/bin/../lib/gcc/arm-none-eabi/10.3.1/../../../../arm-none-eabi/lib/thumb/v7-m/nofp/crt0.o (exit)
c:/st/stm32cubeide_1.11.0/stm32cubeide/plugins/com.st.stm32cube.ide.mcu.externaltools.gnu-tools-for-stm32.10.3-2021.10.win32_1.0.200.202301161003/tools/bin/../lib/gcc/arm-none-eabi/10.3.1/../../../../arm-none-eabi/lib/thumb/v7-m/nofp\libc_nano.a(lib_a-impure.o)
                              c:/st/stm32cubeide_1.11.0/stm32cubeide/plugins/com.st.stm32cube.ide.mcu.externaltools.gnu-tools-for-stm32.10.3-2021.10.win32_1.0.200.202301161003/tools/bin/../lib/gcc/arm-none-eabi/10.3.1/../../../../arm-none-eabi/lib/thumb/v7-m/nofp\libc_nano.a(lib_a-exit.o) (_global_impure_ptr)
c:/st/stm32cubeide_1.11.0/stm32cubeide/plugins/com.st.stm32cube.ide.mcu.externaltools.gnu-tools-for-stm32.10.3-2021.10.win32_1.0.200.202301161003/tools/bin/../lib/gcc/arm-none-eabi/10.3.1/../../../../arm-none-eabi/lib/thumb/v7-m/nofp\libc_nano.a(lib_a-init.o)
                              c:/st/stm32cubeide_1.11.0/stm32cubeide/plugins/com.st.stm32cube.ide.mcu.externaltools.gnu-tools-for-stm32.10.3-2021.10.win32_1.0.200.202301161003/tools/bin/../lib/gcc/arm-none-eabi/10.3.1/../../../../arm-none-eabi/lib/thumb/v7-m/nofp/crt0.o (__libc_init_array)
c:/st/stm32cubeide_1.11.0/stm32cubeide/plugins/com.st.stm32cube.ide.mcu.externaltools.gnu-tools-for-stm32.10.3-2021.10.win32_1.0.200.202301161003/tools/bin/../lib/gcc/arm-none-eabi/10.3.1/../../../../arm-none-eabi/lib/thumb/v7-m/nofp\libc_nano.a(lib_a-memset.o)
                              c:/st/stm32cubeide_1.11.0/stm32cubeide/plugins/com.st.stm32cube.ide.mcu.externaltools.gnu-tools-for-stm32.10.3-2021.10.win32_1.0.200.202301161003/tools/bin/../lib/gcc/arm-none-eabi/10.3.1/../../../../arm-none-eabi/lib/thumb/v7-m/nofp/crt0.o (memset)

Discarded input sections

 .text          0x0000000000000000        0x0 c:/st/stm32cubeide_1.11.0/stm32cubeide/plugins/com.st.stm32cube.ide.mcu.externaltools.gnu-tools-for-stm32.10.3-2021.10.win32_1.0.200.202301161003/tools/bin/../lib/gcc/arm-none-eabi/10.3.1/thumb/v7-m/nofp/crti.o
 .data          0x0000000000000000        0x0 c:/st/stm32cubeide_1.11.0/stm32cubeide/plugins/com.st.stm32cube.ide.mcu.externaltools.gnu-tools-for-stm32.10.3-2021.10.win32_1.0.200.202301161003/tools/bin/../lib/gcc/arm-none-eabi/10.3.1/thumb/v7-m/nofp/crti.o
 .bss           0x0000000000000000        0x0 c:/st/stm32cubeide_1.11.0/stm32cubeide/plugins/com.st.stm32cube.ide.mcu.externaltools.gnu-tools-for-stm32.10.3-2021.10.win32_1.0.200.202301161003/tools/bin/../lib/gcc/arm-none-eabi/10.3.1/thumb/v7-m/nofp/crti.o
 .data          0x0000000000000000        0x4 c:/st/stm32cubeide_1.11.0/stm32cubeide/plugins/com.st.stm32cube.ide.mcu.externaltools.gnu-tools-for-stm32.10.3-2021.10.win32_1.0.200.202301161003/tools/bin/../lib/gcc/arm-none-eabi/10.3.1/thumb/v7-m/nofp/crtbegin.o
 .rodata        0x0000000000000000       0x24 c:/st/stm32cubeide_1.11.0/stm32cubeide/plugins/com.st.stm32cube.ide.mcu.externaltools.gnu-tools-for-stm32.10.3-2021.10.win32_1.0.200.202301161003/tools/bin/../lib/gcc/arm-none-eabi/10.3.1/thumb/v7-m/nofp/crtbegin.o
 .text          0x0000000000000000       0x7c c:/st/stm32cubeide_1.11.0/stm32cubeide/plugins/com.st.stm32cube.ide.mcu.externaltools.gnu-tools-for-stm32.10.3-2021.10.win32_1.0.200.202301161003/tools/bin/../lib/gcc/arm-none-eabi/10.3.1/../../../../arm-none-eabi/lib/thumb/v7-m/nofp/crt0.o
 .data          0x0000000000000000        0x0 c:/st/stm32cubeide_1.11.0/stm32cubeide/plugins/com.st.stm32cube.ide.mcu.externaltools.gnu-tools-for-stm32.10.3-2021.10.win32_1.0.200.202301161003/tools/bin/../lib/gcc/arm-none-eabi/10.3.1/../../../../arm-none-eabi/lib/thumb/v7-m/nofp/crt0.o
 .bss           0x0000000000000000        0x0 c:/st/stm32cubeide_1.11.0/stm32cubeide/plugins/com.st.stm32cube.ide.mcu.externaltools.gnu-tools-for-stm32.10.3-2021.10.win32_1.0.200.202301161003/tools/bin/../lib/gcc/arm-none-eabi/10.3.1/../../../../arm-none-eabi/lib/thumb/v7-m/nofp/crt0.o
[...]
Memory Configuration

Name             Origin             Length             Attributes
RAM              0x0000000020000000 0x0000000000002800 xrw
FLASH            0x0000000008000000 0x0000000000008000 xr
*default*        0x0000000000000000 0xffffffffffffffff

Linker script and memory map

LOAD c:/st/stm32cubeide_1.11.0/stm32cubeide/plugins/com.st.stm32cube.ide.mcu.externaltools.gnu-tools-for-stm32.10.3-2021.10.win32_1.0.200.202301161003/tools/bin/../lib/gcc/arm-none-eabi/10.3.1/thumb/v7-m/nofp/crti.o
LOAD c:/st/stm32cubeide_1.11.0/stm32cubeide/plugins/com.st.stm32cube.ide.mcu.externaltools.gnu-tools-for-stm32.10.3-2021.10.win32_1.0.200.202301161003/tools/bin/../lib/gcc/arm-none-eabi/10.3.1/thumb/v7-m/nofp/crtbegin.o
LOAD c:/st/stm32cubeide_1.11.0/stm32cubeide/plugins/com.st.stm32cube.ide.mcu.externaltools.gnu-tools-for-stm32.10.3-2021.10.win32_1.0.200.202301161003/tools/bin/../lib/gcc/arm-none-eabi/10.3.1/../../../../arm-none-eabi/lib/thumb/v7-m/nofp/crt0.o
LOAD ./Core/Src/main.o
LOAD ./Core/Src/stm32f1xx_hal_msp.o
LOAD ./Core/Src/stm32f1xx_it.o
LOAD ./Core/Src/syscalls.o
LOAD ./Core/Src/sysmem.o
LOAD ./Core/Src/system_stm32f1xx.o
LOAD ./Core/Startup/startup_stm32f103c6tx.o
LOAD ./Drivers/STM32F1xx_HAL_Driver/Src/stm32f1xx_hal.o
LOAD ./Drivers/STM32F1xx_HAL_Driver/Src/stm32f1xx_hal_cortex.o
LOAD ./Drivers/STM32F1xx_HAL_Driver/Src/stm32f1xx_hal_dma.o
LOAD ./Drivers/STM32F1xx_HAL_Driver/Src/stm32f1xx_hal_exti.o
LOAD ./Drivers/STM32F1xx_HAL_Driver/Src/stm32f1xx_hal_flash.o
LOAD ./Drivers/STM32F1xx_HAL_Driver/Src/stm32f1xx_hal_flash_ex.o
LOAD ./Drivers/STM32F1xx_HAL_Driver/Src/stm32f1xx_hal_gpio.o
LOAD ./Drivers/STM32F1xx_HAL_Driver/Src/stm32f1xx_hal_gpio_ex.o
LOAD ./Drivers/STM32F1xx_HAL_Driver/Src/stm32f1xx_hal_pwr.o
LOAD ./Drivers/STM32F1xx_HAL_Driver/Src/stm32f1xx_hal_rcc.o
LOAD ./Drivers/STM32F1xx_HAL_Driver/Src/stm32f1xx_hal_rcc_ex.o
LOAD ./Drivers/STM32F1xx_HAL_Driver/Src/stm32f1xx_hal_spi.o
LOAD ./ST7735/Src/st7735.o
START GROUP
LOAD c:/st/stm32cubeide_1.11.0/stm32cubeide/plugins/com.st.stm32cube.ide.mcu.externaltools.gnu-tools-for-stm32.10.3-2021.10.win32_1.0.200.202301161003/tools/bin/../lib/gcc/arm-none-eabi/10.3.1/../../../../arm-none-eabi/lib/thumb/v7-m/nofp\libc_nano.a
LOAD c:/st/stm32cubeide_1.11.0/stm32cubeide/plugins/com.st.stm32cube.ide.mcu.externaltools.gnu-tools-for-stm32.10.3-2021.10.win32_1.0.200.202301161003/tools/bin/../lib/gcc/arm-none-eabi/10.3.1/../../../../arm-none-eabi/lib/thumb/v7-m/nofp\libm.a
END GROUP
START GROUP
LOAD c:/st/stm32cubeide_1.11.0/stm32cubeide/plugins/com.st.stm32cube.ide.mcu.externaltools.gnu-tools-for-stm32.10.3-2021.10.win32_1.0.200.202301161003/tools/bin/../lib/gcc/arm-none-eabi/10.3.1/thumb/v7-m/nofp\libgcc.a
LOAD c:/st/stm32cubeide_1.11.0/stm32cubeide/plugins/com.st.stm32cube.ide.mcu.externaltools.gnu-tools-for-stm32.10.3-2021.10.win32_1.0.200.202301161003/tools/bin/../lib/gcc/arm-none-eabi/10.3.1/../../../../arm-none-eabi/lib/thumb/v7-m/nofp\libc_nano.a
END GROUP
START GROUP
LOAD c:/st/stm32cubeide_1.11.0/stm32cubeide/plugins/com.st.stm32cube.ide.mcu.externaltools.gnu-tools-for-stm32.10.3-2021.10.win32_1.0.200.202301161003/tools/bin/../lib/gcc/arm-none-eabi/10.3.1/thumb/v7-m/nofp\libgcc.a
LOAD c:/st/stm32cubeide_1.11.0/stm32cubeide/plugins/com.st.stm32cube.ide.mcu.externaltools.gnu-tools-for-stm32.10.3-2021.10.win32_1.0.200.202301161003/tools/bin/../lib/gcc/arm-none-eabi/10.3.1/../../../../arm-none-eabi/lib/thumb/v7-m/nofp\libc_nano.a
LOAD c:/st/stm32cubeide_1.11.0/stm32cubeide/plugins/com.st.stm32cube.ide.mcu.externaltools.gnu-tools-for-stm32.10.3-2021.10.win32_1.0.200.202301161003/tools/bin/../lib/gcc/arm-none-eabi/10.3.1/../../../../arm-none-eabi/lib/thumb/v7-m/nofp\libnosys.a
END GROUP
START GROUP
LOAD c:/st/stm32cubeide_1.11.0/stm32cubeide/plugins/com.st.stm32cube.ide.mcu.externaltools.gnu-tools-for-stm32.10.3-2021.10.win32_1.0.200.202301161003/tools/bin/../lib/gcc/arm-none-eabi/10.3.1/thumb/v7-m/nofp\libgcc.a
LOAD c:/st/stm32cubeide_1.11.0/stm32cubeide/plugins/com.st.stm32cube.ide.mcu.externaltools.gnu-tools-for-stm32.10.3-2021.10.win32_1.0.200.202301161003/tools/bin/../lib/gcc/arm-none-eabi/10.3.1/../../../../arm-none-eabi/lib/thumb/v7-m/nofp\libc_nano.a
LOAD c:/st/stm32cubeide_1.11.0/stm32cubeide/plugins/com.st.stm32cube.ide.mcu.externaltools.gnu-tools-for-stm32.10.3-2021.10.win32_1.0.200.202301161003/tools/bin/../lib/gcc/arm-none-eabi/10.3.1/../../../../arm-none-eabi/lib/thumb/v7-m/nofp\libnosys.a
END GROUP
LOAD c:/st/stm32cubeide_1.11.0/stm32cubeide/plugins/com.st.stm32cube.ide.mcu.externaltools.gnu-tools-for-stm32.10.3-2021.10.win32_1.0.200.202301161003/tools/bin/../lib/gcc/arm-none-eabi/10.3.1/thumb/v7-m/nofp/crtend.o
LOAD c:/st/stm32cubeide_1.11.0/stm32cubeide/plugins/com.st.stm32cube.ide.mcu.externaltools.gnu-tools-for-stm32.10.3-2021.10.win32_1.0.200.202301161003/tools/bin/../lib/gcc/arm-none-eabi/10.3.1/thumb/v7-m/nofp/crtn.o
                0x0000000020002800                _estack = (ORIGIN (RAM) + LENGTH (RAM))
                0x0000000000000200                _Min_Heap_Size = 0x200
                0x0000000000000400                _Min_Stack_Size = 0x400

.isr_vector     0x0000000008000000      0x10c
                0x0000000008000000                . = ALIGN (0x4)
 *(.isr_vector)
 .isr_vector    0x0000000008000000      0x10c ./Core/Startup/startup_stm32f103c6tx.o
                0x0000000008000000                g_pfnVectors
                0x000000000800010c                . = ALIGN (0x4)

.text           0x000000000800010c     0x1210
                0x000000000800010c                . = ALIGN (0x4)
 *(.text)
 .text          0x000000000800010c       0x40 c:/st/stm32cubeide_1.11.0/stm32cubeide/plugins/com.st.stm32cube.ide.mcu.externaltools.gnu-tools-for-stm32.10.3-2021.10.win32_1.0.200.202301161003/tools/bin/../lib/gcc/arm-none-eabi/10.3.1/thumb/v7-m/nofp/crtbegin.o
 *(.text*)
 .text.SystemClock_Config
                0x000000000800014c       0x5a ./Core/Src/main.o
                0x000000000800014c                SystemClock_Config
 *fill*         0x00000000080001a6        0x2 
 .text.startup.main
                0x00000000080001a8      0x1d8 ./Core/Src/main.o
                0x00000000080001a8                main
 .text.HAL_MspInit
                0x0000000008000380       0x30 ./Core/Src/stm32f1xx_hal_msp.o
                0x0000000008000380                HAL_MspInit
 .text.HAL_SPI_MspInit
                0x00000000080003b0       0x60 ./Core/Src/stm32f1xx_hal_msp.o
                0x00000000080003b0                HAL_SPI_MspInit
 .text.NMI_Handler
                0x0000000008000410        0x2 ./Core/Src/stm32f1xx_it.o
                0x0000000008000410                NMI_Handler
 .text.HardFault_Handler
                0x0000000008000412        0x2 ./Core/Src/stm32f1xx_it.o
                0x0000000008000412                HardFault_Handler
 .text.MemManage_Handler
                0x0000000008000414        0x2 ./Core/Src/stm32f1xx_it.o
                0x0000000008000414                MemManage_Handler
 .text.BusFault_Handler
                0x0000000008000416        0x2 ./Core/Src/stm32f1xx_it.o
                0x0000000008000416                BusFault_Handler
 .text.UsageFault_Handler
                0x0000000008000418        0x2 ./Core/Src/stm32f1xx_it.o
                0x0000000008000418                UsageFault_Handler
 .text.SVC_Handler
                0x000000000800041a        0x2 ./Core/Src/stm32f1xx_it.o
                0x000000000800041a                SVC_Handler
 .text.DebugMon_Handler
                0x000000000800041c        0x2 ./Core/Src/stm32f1xx_it.o
                0x000000000800041c                DebugMon_Handler
 .text.PendSV_Handler
                0x000000000800041e        0x2 ./Core/Src/stm32f1xx_it.o
                0x000000000800041e                PendSV_Handler
 .text.SysTick_Handler
                0x0000000008000420        0x4 ./Core/Src/stm32f1xx_it.o
                0x0000000008000420                SysTick_Handler
 .text.SystemInit
                0x0000000008000424        0x2 ./Core/Src/system_stm32f1xx.o
                0x0000000008000424                SystemInit
 *fill*         0x0000000008000426        0x2 
 .text.Reset_Handler
                0x0000000008000428       0x48 ./Core/Startup/startup_stm32f103c6tx.o
                0x0000000008000428                Reset_Handler
 .text.Default_Handler
                0x0000000008000470        0x2 ./Core/Startup/startup_stm32f103c6tx.o
                0x0000000008000470                RTC_Alarm_IRQHandler
                0x0000000008000470                EXTI2_IRQHandler
                0x0000000008000470                TIM1_CC_IRQHandler
                0x0000000008000470                PVD_IRQHandler
                0x0000000008000470                EXTI3_IRQHandler
                0x0000000008000470                EXTI0_IRQHandler
                0x0000000008000470                ADC1_2_IRQHandler
                0x0000000008000470                SPI1_IRQHandler
                0x0000000008000470                TAMPER_IRQHandler
                0x0000000008000470                DMA1_Channel4_IRQHandler
                0x0000000008000470                RTC_IRQHandler
                0x0000000008000470                DMA1_Channel7_IRQHandler
                0x0000000008000470                CAN1_RX1_IRQHandler
                0x0000000008000470                I2C1_EV_IRQHandler
                0x0000000008000470                DMA1_Channel6_IRQHandler
                0x0000000008000470                TIM3_IRQHandler
                0x0000000008000470                RCC_IRQHandler
                0x0000000008000470                TIM1_TRG_COM_IRQHandler
                0x0000000008000470                DMA1_Channel1_IRQHandler
                0x0000000008000470                Default_Handler
                0x0000000008000470                EXTI15_10_IRQHandler
                0x0000000008000470                EXTI9_5_IRQHandler
                0x0000000008000470                DMA1_Channel5_IRQHandler
                0x0000000008000470                EXTI4_IRQHandler
                0x0000000008000470                USB_LP_CAN1_RX0_IRQHandler
                0x0000000008000470                USB_HP_CAN1_TX_IRQHandler
                0x0000000008000470                DMA1_Channel3_IRQHandler
                0x0000000008000470                TIM1_UP_IRQHandler
                0x0000000008000470                WWDG_IRQHandler
                0x0000000008000470                TIM2_IRQHandler
                0x0000000008000470                TIM1_BRK_IRQHandler
                0x0000000008000470                EXTI1_IRQHandler
                0x0000000008000470                USART2_IRQHandler
                0x0000000008000470                DMA1_Channel2_IRQHandler
                0x0000000008000470                CAN1_SCE_IRQHandler
                0x0000000008000470                FLASH_IRQHandler
                0x0000000008000470                USART1_IRQHandler
                0x0000000008000470                I2C1_ER_IRQHandler
                0x0000000008000470                USBWakeUp_IRQHandler
 *fill*         0x0000000008000472        0x2 
 .text.HAL_InitTick
                0x0000000008000474       0x48 ./Drivers/STM32F1xx_HAL_Driver/Src/stm32f1xx_hal.o
                0x0000000008000474                HAL_InitTick
 .text.HAL_Init
                0x00000000080004bc       0x24 ./Drivers/STM32F1xx_HAL_Driver/Src/stm32f1xx_hal.o
                0x00000000080004bc                HAL_Init
 .text.HAL_IncTick
                0x00000000080004e0       0x18 ./Drivers/STM32F1xx_HAL_Driver/Src/stm32f1xx_hal.o
                0x00000000080004e0                HAL_IncTick
 .text.HAL_GetTick
                0x00000000080004f8        0xc ./Drivers/STM32F1xx_HAL_Driver/Src/stm32f1xx_hal.o
                0x00000000080004f8                HAL_GetTick
 .text.HAL_Delay
                0x0000000008000504       0x24 ./Drivers/STM32F1xx_HAL_Driver/Src/stm32f1xx_hal.o
                0x0000000008000504                HAL_Delay
 .text.HAL_NVIC_SetPriorityGrouping
                0x0000000008000528       0x24 ./Drivers/STM32F1xx_HAL_Driver/Src/stm32f1xx_hal_cortex.o
                0x0000000008000528                HAL_NVIC_SetPriorityGrouping
 .text.HAL_NVIC_SetPriority
                0x000000000800054c       0x64 ./Drivers/STM32F1xx_HAL_Driver/Src/stm32f1xx_hal_cortex.o
                0x000000000800054c                HAL_NVIC_SetPriority
 .text.HAL_SYSTICK_Config
                0x00000000080005b0       0x28 ./Drivers/STM32F1xx_HAL_Driver/Src/stm32f1xx_hal_cortex.o
                0x00000000080005b0                HAL_SYSTICK_Config
 .text.HAL_GPIO_Init
                0x00000000080005d8      0x1ac ./Drivers/STM32F1xx_HAL_Driver/Src/stm32f1xx_hal_gpio.o
                0x00000000080005d8                HAL_GPIO_Init
 .text.HAL_GPIO_WritePin
                0x0000000008000784        0xa ./Drivers/STM32F1xx_HAL_Driver/Src/stm32f1xx_hal_gpio.o
                0x0000000008000784                HAL_GPIO_WritePin
 *fill*         0x000000000800078e        0x2 
 .text.HAL_RCC_OscConfig
                0x0000000008000790      0x338 ./Drivers/STM32F1xx_HAL_Driver/Src/stm32f1xx_hal_rcc.o
                0x0000000008000790                HAL_RCC_OscConfig
 .text.HAL_RCC_GetSysClockFreq
                0x0000000008000ac8       0x74 ./Drivers/STM32F1xx_HAL_Driver/Src/stm32f1xx_hal_rcc.o
                0x0000000008000ac8                HAL_RCC_GetSysClockFreq
 .text.HAL_RCC_ClockConfig
                0x0000000008000b3c      0x138 ./Drivers/STM32F1xx_HAL_Driver/Src/stm32f1xx_hal_rcc.o
                0x0000000008000b3c                HAL_RCC_ClockConfig
 .text.SPI_WaitFlagStateUntilTimeout.constprop.0
                0x0000000008000c74       0xac ./Drivers/STM32F1xx_HAL_Driver/Src/stm32f1xx_hal_spi.o
 .text.SPI_EndRxTxTransaction
                0x0000000008000d20       0x1c ./Drivers/STM32F1xx_HAL_Driver/Src/stm32f1xx_hal_spi.o
 .text.HAL_SPI_Init
                0x0000000008000d3c       0xb0 ./Drivers/STM32F1xx_HAL_Driver/Src/stm32f1xx_hal_spi.o
                0x0000000008000d3c                HAL_SPI_Init
 .text.HAL_SPI_Transmit
                0x0000000008000dec      0x15a ./Drivers/STM32F1xx_HAL_Driver/Src/stm32f1xx_hal_spi.o
                0x0000000008000dec                HAL_SPI_Transmit
 *fill*         0x0000000008000f46        0x2 
 .text.send_byte
                0x0000000008000f48       0x38 ./ST7735/Src/st7735.o
 .text.send_command
                0x0000000008000f80       0x20 ./ST7735/Src/st7735.o
 .text.send_data
                0x0000000008000fa0       0x14 ./ST7735/Src/st7735.o
 .text.send_pixelVal
                0x0000000008000fb4       0x30 ./ST7735/Src/st7735.o
 .text.ST7735_TFT_setXBoundary
                0x0000000008000fe4       0x34 ./ST7735/Src/st7735.o
                0x0000000008000fe4                ST7735_TFT_setXBoundary
 .text.ST7735_TFT_setYBoundary
                0x0000000008001018       0x34 ./ST7735/Src/st7735.o
                0x0000000008001018                ST7735_TFT_setYBoundary
 .text.ST7735_TFT_setWindow
                0x000000000800104c       0x16 ./ST7735/Src/st7735.o
                0x000000000800104c                ST7735_TFT_setWindow
 .text.ST7735_TFT_setColorMod
                0x0000000008001062       0x14 ./ST7735/Src/st7735.o
                0x0000000008001062                ST7735_TFT_setColorMod
 *fill*         0x0000000008001076        0x2 
 .text.ST7735_TFT_init
                0x0000000008001078       0x7c ./ST7735/Src/st7735.o
                0x0000000008001078                ST7735_TFT_init
 .text.ST7735_TFT_setOrientation
                0x00000000080010f4       0x44 ./ST7735/Src/st7735.o
                0x00000000080010f4                ST7735_TFT_setOrientation
 .text.ST7735_TFT_Paint
                0x0000000008001138       0x64 ./ST7735/Src/st7735.o
                0x0000000008001138                ST7735_TFT_Paint
 .text.ST7735_TFT_fillScreen
                0x000000000800119c       0x50 ./ST7735/Src/st7735.o
                0x000000000800119c                ST7735_TFT_fillScreen
 .text.ST7735_TFT_writeChar
                0x00000000080011ec       0x74 ./ST7735/Src/st7735.o
                0x00000000080011ec                ST7735_TFT_writeChar
 .text.ST7735_TFT_writeString
                0x0000000008001260       0x4c ./ST7735/Src/st7735.o
                0x0000000008001260                ST7735_TFT_writeString
 .text.__libc_init_array
                0x00000000080012ac       0x48 c:/st/stm32cubeide_1.11.0/stm32cubeide/plugins/com.st.stm32cube.ide.mcu.externaltools.gnu-tools-for-stm32.10.3-2021.10.win32_1.0.200.202301161003/tools/bin/../lib/gcc/arm-none-eabi/10.3.1/../../../../arm-none-eabi/lib/thumb/v7-m/nofp\libc_nano.a(lib_a-init.o)
                0x00000000080012ac                __libc_init_array
 .text.memset   0x00000000080012f4       0x10 c:/st/stm32cubeide_1.11.0/stm32cubeide/plugins/com.st.stm32cube.ide.mcu.externaltools.gnu-tools-for-stm32.10.3-2021.10.win32_1.0.200.202301161003/tools/bin/../lib/gcc/arm-none-eabi/10.3.1/../../../../arm-none-eabi/lib/thumb/v7-m/nofp\libc_nano.a(lib_a-memset.o)
                0x00000000080012f4                memset
 *(.glue_7)
 .glue_7        0x0000000008001304        0x0 linker stubs
 *(.glue_7t)
 .glue_7t       0x0000000008001304        0x0 linker stubs
 *(.eh_frame)
 .eh_frame      0x0000000008001304        0x0 c:/st/stm32cubeide_1.11.0/stm32cubeide/plugins/com.st.stm32cube.ide.mcu.externaltools.gnu-tools-for-stm32.10.3-2021.10.win32_1.0.200.202301161003/tools/bin/../lib/gcc/arm-none-eabi/10.3.1/thumb/v7-m/nofp/crtbegin.o
 *(.init)
 .init          0x0000000008001304        0x4 c:/st/stm32cubeide_1.11.0/stm32cubeide/plugins/com.st.stm32cube.ide.mcu.externaltools.gnu-tools-for-stm32.10.3-2021.10.win32_1.0.200.202301161003/tools/bin/../lib/gcc/arm-none-eabi/10.3.1/thumb/v7-m/nofp/crti.o
                0x0000000008001304                _init
 .init          0x0000000008001308        0x8 c:/st/stm32cubeide_1.11.0/stm32cubeide/plugins/com.st.stm32cube.ide.mcu.externaltools.gnu-tools-for-stm32.10.3-2021.10.win32_1.0.200.202301161003/tools/bin/../lib/gcc/arm-none-eabi/10.3.1/thumb/v7-m/nofp/crtn.o
 *(.fini)
 .fini          0x0000000008001310        0x4 c:/st/stm32cubeide_1.11.0/stm32cubeide/plugins/com.st.stm32cube.ide.mcu.externaltools.gnu-tools-for-stm32.10.3-2021.10.win32_1.0.200.202301161003/tools/bin/../lib/gcc/arm-none-eabi/10.3.1/thumb/v7-m/nofp/crti.o
                0x0000000008001310                _fini
 .fini          0x0000000008001314        0x8 c:/st/stm32cubeide_1.11.0/stm32cubeide/plugins/com.st.stm32cube.ide.mcu.externaltools.gnu-tools-for-stm32.10.3-2021.10.win32_1.0.200.202301161003/tools/bin/../lib/gcc/arm-none-eabi/10.3.1/thumb/v7-m/nofp/crtn.o
                0x000000000800131c                . = ALIGN (0x4)
                0x000000000800131c                _etext = .

.vfp11_veneer   0x000000000800131c        0x0
 .vfp11_veneer  0x000000000800131c        0x0 linker stubs

.v4_bx          0x000000000800131c        0x0
 .v4_bx         0x000000000800131c        0x0 linker stubs

.iplt           0x000000000800131c        0x0
 .iplt          0x000000000800131c        0x0 c:/st/stm32cubeide_1.11.0/stm32cubeide/plugins/com.st.stm32cube.ide.mcu.externaltools.gnu-tools-for-stm32.10.3-2021.10.win32_1.0.200.202301161003/tools/bin/../lib/gcc/arm-none-eabi/10.3.1/thumb/v7-m/nofp/crtbegin.o

.rodata         0x000000000800131c      0x3a4
                0x000000000800131c                . = ALIGN (0x4)
 *(.rodata)
 *(.rodata*)
 .rodata.main.str1.1
                0x000000000800131c       0x83 ./Core/Src/main.o
 .rodata.AHBPrescTable
                0x000000000800139f       0x10 ./Core/Src/system_stm32f1xx.o
                0x000000000800139f                AHBPrescTable
 .rodata.HAL_RCC_GetSysClockFreq.str1.1
                0x00000000080013af       0x11 ./Drivers/STM32F1xx_HAL_Driver/Src/stm32f1xx_hal_rcc.o
 .rodata.arr    0x00000000080013c0      0x300 ./ST7735/Src/st7735.o
                0x00000000080016c0                . = ALIGN (0x4)

.rel.dyn        0x00000000080016c0        0x0
 .rel.iplt      0x00000000080016c0        0x0 c:/st/stm32cubeide_1.11.0/stm32cubeide/plugins/com.st.stm32cube.ide.mcu.externaltools.gnu-tools-for-stm32.10.3-2021.10.win32_1.0.200.202301161003/tools/bin/../lib/gcc/arm-none-eabi/10.3.1/thumb/v7-m/nofp/crtbegin.o

.ARM.extab      0x00000000080016c0        0x0
                0x00000000080016c0                . = ALIGN (0x4)
 *(.ARM.extab* .gnu.linkonce.armextab.*)
                0x00000000080016c0                . = ALIGN (0x4)

.ARM            0x00000000080016c0        0x0
                0x00000000080016c0                . = ALIGN (0x4)
                0x00000000080016c0                __exidx_start = .
 *(.ARM.exidx*)
                0x00000000080016c0                __exidx_end = .
                0x00000000080016c0                . = ALIGN (0x4)

.preinit_array  0x00000000080016c0        0x0
                0x00000000080016c0                . = ALIGN (0x4)
                0x00000000080016c0                PROVIDE (__preinit_array_start = .)
 *(.preinit_array*)
                0x00000000080016c0                PROVIDE (__preinit_array_end = .)
                0x00000000080016c0                . = ALIGN (0x4)

.init_array     0x00000000080016c0        0x4
                0x00000000080016c0                . = ALIGN (0x4)
                0x00000000080016c0                PROVIDE (__init_array_start = .)
 *(SORT_BY_NAME(.init_array.*))
 *(.init_array*)
 .init_array    0x00000000080016c0        0x4 c:/st/stm32cubeide_1.11.0/stm32cubeide/plugins/com.st.stm32cube.ide.mcu.externaltools.gnu-tools-for-stm32.10.3-2021.10.win32_1.0.200.202301161003/tools/bin/../lib/gcc/arm-none-eabi/10.3.1/thumb/v7-m/nofp/crtbegin.o
                0x00000000080016c4                PROVIDE (__init_array_end = .)
                0x00000000080016c4                . = ALIGN (0x4)

.fini_array     0x00000000080016c4        0x4
                0x00000000080016c4                . = ALIGN (0x4)
                [!provide]                        PROVIDE (__fini_array_start = .)
 *(SORT_BY_NAME(.fini_array.*))
 *(.fini_array*)
 .fini_array    0x00000000080016c4        0x4 c:/st/stm32cubeide_1.11.0/stm32cubeide/plugins/com.st.stm32cube.ide.mcu.externaltools.gnu-tools-for-stm32.10.3-2021.10.win32_1.0.200.202301161003/tools/bin/../lib/gcc/arm-none-eabi/10.3.1/thumb/v7-m/nofp/crtbegin.o
                [!provide]                        PROVIDE (__fini_array_end = .)
                0x00000000080016c8                . = ALIGN (0x4)
                0x00000000080016c8                _sidata = LOADADDR (.data)

.data           0x0000000020000000       0x18 load address 0x00000000080016c8
                0x0000000020000000                . = ALIGN (0x4)
                0x0000000020000000                _sdata = .
 *(.data)
 *(.data*)
 .data.SystemCoreClock
                0x0000000020000000        0x4 ./Core/Src/system_stm32f1xx.o
                0x0000000020000000                SystemCoreClock
 .data.uwTickFreq
                0x0000000020000004        0x1 ./Drivers/STM32F1xx_HAL_Driver/Src/stm32f1xx_hal.o
                0x0000000020000004                uwTickFreq
 *fill*         0x0000000020000005        0x3 
 .data.uwTickPrio
                0x0000000020000008        0x4 ./Drivers/STM32F1xx_HAL_Driver/Src/stm32f1xx_hal.o
                0x0000000020000008                uwTickPrio
 .data.Screen_t
                0x000000002000000c        0x3 ./ST7735/Src/st7735.o
                0x000000002000000c                Screen_t
 .data.x        0x000000002000000f        0x4 ./ST7735/Src/st7735.o
 .data.y        0x0000000020000013        0x4 ./ST7735/Src/st7735.o
 *(.RamFunc)
 *(.RamFunc*)
                0x0000000020000018                . = ALIGN (0x4)
 *fill*         0x0000000020000017        0x1 
                0x0000000020000018                _edata = .

.igot.plt       0x0000000020000018        0x0 load address 0x00000000080016e0
 .igot.plt      0x0000000020000018        0x0 c:/st/stm32cubeide_1.11.0/stm32cubeide/plugins/com.st.stm32cube.ide.mcu.externaltools.gnu-tools-for-stm32.10.3-2021.10.win32_1.0.200.202301161003/tools/bin/../lib/gcc/arm-none-eabi/10.3.1/thumb/v7-m/nofp/crtbegin.o
                0x0000000020000018                . = ALIGN (0x4)

.bss            0x0000000020000018       0x80 load address 0x00000000080016e0
                0x0000000020000018                _sbss = .
                0x0000000020000018                __bss_start__ = _sbss
 *(.bss)
 .bss           0x0000000020000018       0x1c c:/st/stm32cubeide_1.11.0/stm32cubeide/plugins/com.st.stm32cube.ide.mcu.externaltools.gnu-tools-for-stm32.10.3-2021.10.win32_1.0.200.202301161003/tools/bin/../lib/gcc/arm-none-eabi/10.3.1/thumb/v7-m/nofp/crtbegin.o
 *(.bss*)
 .bss.hspi1     0x0000000020000034       0x58 ./Core/Src/main.o
                0x0000000020000034                hspi1
 .bss.uwTick    0x000000002000008c        0x4 ./Drivers/STM32F1xx_HAL_Driver/Src/stm32f1xx_hal.o
                0x000000002000008c                uwTick
 .bss.MADCTL_val_u
                0x0000000020000090        0x1 ./ST7735/Src/st7735.o
                0x0000000020000090                MADCTL_val_u
 *fill*         0x0000000020000091        0x3 
 .bss.spi_ptr   0x0000000020000094        0x4 ./ST7735/Src/st7735.o
 *(COMMON)
                0x0000000020000098                . = ALIGN (0x4)
                0x0000000020000098                _ebss = .
                0x0000000020000098                __bss_end__ = _ebss

._user_heap_stack
                0x0000000020000098      0x600 load address 0x00000000080016e0
                0x0000000020000098                . = ALIGN (0x8)
                [!provide]                        PROVIDE (end = .)
                0x0000000020000098                PROVIDE (_end = .)
                0x0000000020000298                . = (. + _Min_Heap_Size)
 *fill*         0x0000000020000098      0x200 
                0x0000000020000698                . = (. + _Min_Stack_Size)
 *fill*         0x0000000020000298      0x400 
                0x0000000020000698                . = ALIGN (0x8)

/DISCARD/
 libc.a(*)
 libm.a(*)
 libgcc.a(*)

.ARM.attributes
                0x0000000000000000       0x29
 *(.ARM.attributes)
 .ARM.attributes
                0x0000000000000000       0x1d c:/st/stm32cubeide_1.11.0/stm32cubeide/plugins/com.st.stm32cube.ide.mcu.externaltools.gnu-tools-for-stm32.10.3-2021.10.win32_1.0.200.202301161003/tools/bin/../lib/gcc/arm-none-eabi/10.3.1/thumb/v7-m/nofp/crti.o
 .ARM.attributes
                0x000000000000001d       0x2d c:/st/stm32cubeide_1.11.0/stm32cubeide/plugins/com.st.stm32cube.ide.mcu.externaltools.gnu-tools-for-stm32.10.3-2021.10.win32_1.0.200.202301161003/tools/bin/../lib/gcc/arm-none-eabi/10.3.1/thumb/v7-m/nofp/crtbegin.o
 .ARM.attributes
                0x000000000000004a       0x2d ./Core/Src/main.o
 .ARM.attributes
                0x0000000000000077       0x2d ./Core/Src/stm32f1xx_hal_msp.o
 .ARM.attributes
                0x00000000000000a4       0x2d ./Core/Src/stm32f1xx_it.o
 .ARM.attributes
                0x00000000000000d1       0x2d ./Core/Src/system_stm32f1xx.o
 .ARM.attributes
                0x00000000000000fe       0x21 ./Core/Startup/startup_stm32f103c6tx.o
 .ARM.attributes
                0x000000000000011f       0x2d ./Drivers/STM32F1xx_HAL_Driver/Src/stm32f1xx_hal.o
 .ARM.attributes
                0x000000000000014c       0x2d ./Drivers/STM32F1xx_HAL_Driver/Src/stm32f1xx_hal_cortex.o
 .ARM.attributes
                0x0000000000000179       0x2d ./Drivers/STM32F1xx_HAL_Driver/Src/stm32f1xx_hal_gpio.o
 .ARM.attributes
                0x00000000000001a6       0x2d ./Drivers/STM32F1xx_HAL_Driver/Src/stm32f1xx_hal_rcc.o
 .ARM.attributes
                0x00000000000001d3       0x2d ./Drivers/STM32F1xx_HAL_Driver/Src/stm32f1xx_hal_spi.o
 .ARM.attributes
                0x0000000000000200       0x2d ./ST7735/Src/st7735.o
 .ARM.attributes
                0x000000000000022d       0x2d c:/st/stm32cubeide_1.11.0/stm32cubeide/plugins/com.st.stm32cube.ide.mcu.externaltools.gnu-tools-for-stm32.10.3-2021.10.win32_1.0.200.202301161003/tools/bin/../lib/gcc/arm-none-eabi/10.3.1/../../../../arm-none-eabi/lib/thumb/v7-m/nofp\libc_nano.a(lib_a-init.o)
 .ARM.attributes
                0x000000000000025a       0x2d c:/st/stm32cubeide_1.11.0/stm32cubeide/plugins/com.st.stm32cube.ide.mcu.externaltools.gnu-tools-for-stm32.10.3-2021.10.win32_1.0.200.202301161003/tools/bin/../lib/gcc/arm-none-eabi/10.3.1/../../../../arm-none-eabi/lib/thumb/v7-m/nofp\libc_nano.a(lib_a-memset.o)
 .ARM.attributes
                0x0000000000000287       0x1d c:/st/stm32cubeide_1.11.0/stm32cubeide/plugins/com.st.stm32cube.ide.mcu.externaltools.gnu-tools-for-stm32.10.3-2021.10.win32_1.0.200.202301161003/tools/bin/../lib/gcc/arm-none-eabi/10.3.1/thumb/v7-m/nofp/crtn.o
OUTPUT(ST7735_STM32F103.elf elf32-littlearm)
LOAD linker stubs
LOAD c:/st/stm32cubeide_1.11.0/stm32cubeide/plugins/com.st.stm32cube.ide.mcu.externaltools.gnu-tools-for-stm32.10.3-2021.10.win32_1.0.200.202301161003/tools/bin/../lib/gcc/arm-none-eabi/10.3.1/../../../../arm-none-eabi/lib/thumb/v7-m/nofp\libc.a
LOAD c:/st/stm32cubeide_1.11.0/stm32cubeide/plugins/com.st.stm32cube.ide.mcu.externaltools.gnu-tools-for-stm32.10.3-2021.10.win32_1.0.200.202301161003/tools/bin/../lib/gcc/arm-none-eabi/10.3.1/../../../../arm-none-eabi/lib/thumb/v7-m/nofp\libm.a
LOAD c:/st/stm32cubeide_1.11.0/stm32cubeide/plugins/com.st.stm32cube.ide.mcu.externaltools.gnu-tools-for-stm32.10.3-2021.10.win32_1.0.200.202301161003/tools/bin/../lib/gcc/arm-none-eabi/10.3.1/thumb/v7-m/nofp\libgcc.a

.debug_info     0x0000000000000000     0x6f0d
 .debug_info    0x0000000000000000      0xf71 ./Core/Src/main.o
 .debug_info    0x0000000000000f71      0x856 ./Core/Src/stm32f1xx_hal_msp.o
 .debug_info    0x00000000000017c7      0x122 ./Core/Src/stm32f1xx_it.o
 .debug_info    0x00000000000018e9      0x24c ./Core/Src/system_stm32f1xx.o
 .debug_info    0x0000000000001b35       0x22 ./Core/Startup/startup_stm32f103c6tx.o
 .debug_info    0x0000000000001b57      0x7ea ./Drivers/STM32F1xx_HAL_Driver/Src/stm32f1xx_hal.o
 .debug_info    0x0000000000002341      0xd4c ./Drivers/STM32F1xx_HAL_Driver/Src/stm32f1xx_hal_cortex.o
 .debug_info    0x000000000000308d      0x66f ./Drivers/STM32F1xx_HAL_Driver/Src/stm32f1xx_hal_gpio.o
 .debug_info    0x00000000000036fc      0xa89 ./Drivers/STM32F1xx_HAL_Driver/Src/stm32f1xx_hal_rcc.o
 .debug_info    0x0000000000004185     0x1dc9 ./Drivers/STM32F1xx_HAL_Driver/Src/stm32f1xx_hal_spi.o
 .debug_info    0x0000000000005f4e      0xfbf ./ST7735/Src/st7735.o

.debug_abbrev   0x0000000000000000     0x17d1
 .debug_abbrev  0x0000000000000000      0x2fd ./Core/Src/main.o
 .debug_abbrev  0x00000000000002fd      0x1ac ./Core/Src/stm32f1xx_hal_msp.o
 .debug_abbrev  0x00000000000004a9       0xb8 ./Core/Src/stm32f1xx_it.o
 .debug_abbrev  0x0000000000000561      0x141 ./Core/Src/system_stm32f1xx.o
 .debug_abbrev  0x00000000000006a2       0x12 ./Core/Startup/startup_stm32f103c6tx.o
 .debug_abbrev  0x00000000000006b4      0x277 ./Drivers/STM32F1xx_HAL_Driver/Src/stm32f1xx_hal.o
 .debug_abbrev  0x000000000000092b      0x352 ./Drivers/STM32F1xx_HAL_Driver/Src/stm32f1xx_hal_cortex.o
 .debug_abbrev  0x0000000000000c7d      0x1e7 ./Drivers/STM32F1xx_HAL_Driver/Src/stm32f1xx_hal_gpio.o
 .debug_abbrev  0x0000000000000e64      0x2f5 ./Drivers/STM32F1xx_HAL_Driver/Src/stm32f1xx_hal_rcc.o
 .debug_abbrev  0x0000000000001159      0x355 ./Drivers/STM32F1xx_HAL_Driver/Src/stm32f1xx_hal_spi.o
 .debug_abbrev  0x00000000000014ae      0x323 ./ST7735/Src/st7735.o

.debug_loc      0x0000000000000000     0x3030
 .debug_loc     0x0000000000000000       0x66 ./Core/Src/main.o
 .debug_loc     0x0000000000000066       0x64 ./Core/Src/stm32f1xx_hal_msp.o
 .debug_loc     0x00000000000000ca       0xe7 ./Core/Src/system_stm32f1xx.o
 .debug_loc     0x00000000000001b1      0x139 ./Drivers/STM32F1xx_HAL_Driver/Src/stm32f1xx_hal.o
 .debug_loc     0x00000000000002ea      0x4c5 ./Drivers/STM32F1xx_HAL_Driver/Src/stm32f1xx_hal_cortex.o
 .debug_loc     0x00000000000007af      0x3fd ./Drivers/STM32F1xx_HAL_Driver/Src/stm32f1xx_hal_gpio.o
 .debug_loc     0x0000000000000bac      0x5f1 ./Drivers/STM32F1xx_HAL_Driver/Src/stm32f1xx_hal_rcc.o
 .debug_loc     0x000000000000119d     0x1855 ./Drivers/STM32F1xx_HAL_Driver/Src/stm32f1xx_hal_spi.o
 .debug_loc     0x00000000000029f2      0x63e ./ST7735/Src/st7735.o

.debug_aranges  0x0000000000000000      0x558
 .debug_aranges
                0x0000000000000000       0x30 ./Core/Src/main.o
 .debug_aranges
                0x0000000000000030       0x30 ./Core/Src/stm32f1xx_hal_msp.o
 .debug_aranges
                0x0000000000000060       0x50 ./Core/Src/stm32f1xx_it.o
 .debug_aranges
                0x00000000000000b0       0x28 ./Core/Src/system_stm32f1xx.o
 .debug_aranges
                0x00000000000000d8       0x28 ./Core/Startup/startup_stm32f103c6tx.o
 .debug_aranges
                0x0000000000000100       0xd8 ./Drivers/STM32F1xx_HAL_Driver/Src/stm32f1xx_hal.o
 .debug_aranges
                0x00000000000001d8       0x90 ./Drivers/STM32F1xx_HAL_Driver/Src/stm32f1xx_hal_cortex.o
 .debug_aranges
                0x0000000000000268       0x58 ./Drivers/STM32F1xx_HAL_Driver/Src/stm32f1xx_hal_gpio.o
 .debug_aranges
                0x00000000000002c0       0x88 ./Drivers/STM32F1xx_HAL_Driver/Src/stm32f1xx_hal_rcc.o
 .debug_aranges
                0x0000000000000348      0x188 ./Drivers/STM32F1xx_HAL_Driver/Src/stm32f1xx_hal_spi.o
 .debug_aranges
                0x00000000000004d0       0x88 ./ST7735/Src/st7735.o

.debug_ranges   0x0000000000000000      0x798
 .debug_ranges  0x0000000000000000       0xe0 ./Core/Src/main.o
 .debug_ranges  0x00000000000000e0       0x70 ./Core/Src/stm32f1xx_hal_msp.o
 .debug_ranges  0x0000000000000150       0x40 ./Core/Src/stm32f1xx_it.o
 .debug_ranges  0x0000000000000190       0x18 ./Core/Src/system_stm32f1xx.o
 .debug_ranges  0x00000000000001a8       0x20 ./Core/Startup/startup_stm32f103c6tx.o
 .debug_ranges  0x00000000000001c8       0xc8 ./Drivers/STM32F1xx_HAL_Driver/Src/stm32f1xx_hal.o
 .debug_ranges  0x0000000000000290      0x148 ./Drivers/STM32F1xx_HAL_Driver/Src/stm32f1xx_hal_cortex.o
 .debug_ranges  0x00000000000003d8       0x68 ./Drivers/STM32F1xx_HAL_Driver/Src/stm32f1xx_hal_gpio.o
 .debug_ranges  0x0000000000000440       0xc0 ./Drivers/STM32F1xx_HAL_Driver/Src/stm32f1xx_hal_rcc.o
 .debug_ranges  0x0000000000000500      0x190 ./Drivers/STM32F1xx_HAL_Driver/Src/stm32f1xx_hal_spi.o
 .debug_ranges  0x0000000000000690      0x108 ./ST7735/Src/st7735.o

.debug_macro    0x0000000000000000    0x15bda
 .debug_macro   0x0000000000000000      0x1b8 ./Core/Src/main.o
 .debug_macro   0x00000000000001b8      0xa72 ./Core/Src/main.o
 .debug_macro   0x0000000000000c2a      0x215 ./Core/Src/main.o
 .debug_macro   0x0000000000000e3f       0x2e ./Core/Src/main.o
 .debug_macro   0x0000000000000e6d       0x22 ./Core/Src/main.o
 .debug_macro   0x0000000000000e8f       0x22 ./Core/Src/main.o
 .debug_macro   0x0000000000000eb1       0x8e ./Core/Src/main.o
 .debug_macro   0x0000000000000f3f       0x51 ./Core/Src/main.o
 .debug_macro   0x0000000000000f90      0x103 ./Core/Src/main.o
 .debug_macro   0x0000000000001093       0x6a ./Core/Src/main.o
 .debug_macro   0x00000000000010fd      0x1df ./Core/Src/main.o
 .debug_macro   0x00000000000012dc       0x1c ./Core/Src/main.o
 .debug_macro   0x00000000000012f8       0x22 ./Core/Src/main.o
 .debug_macro   0x000000000000131a       0xbd ./Core/Src/main.o
 .debug_macro   0x00000000000013d7      0xd23 ./Core/Src/main.o
 .debug_macro   0x00000000000020fa     0xde75 ./Core/Src/main.o
 .debug_macro   0x000000000000ff6f       0x6d ./Core/Src/main.o
 .debug_macro   0x000000000000ffdc     0x3468 ./Core/Src/main.o
 .debug_macro   0x0000000000013444      0x174 ./Core/Src/main.o
 .debug_macro   0x00000000000135b8       0x5c ./Core/Src/main.o
 .debug_macro   0x0000000000013614      0x5be ./Core/Src/main.o
 .debug_macro   0x0000000000013bd2      0x1b7 ./Core/Src/main.o
 .debug_macro   0x0000000000013d89      0x1cb ./Core/Src/main.o
 .debug_macro   0x0000000000013f54      0x114 ./Core/Src/main.o
 .debug_macro   0x0000000000014068      0x1b2 ./Core/Src/main.o
 .debug_macro   0x000000000001421a       0x27 ./Core/Src/main.o
 .debug_macro   0x0000000000014241      0x12f ./Core/Src/main.o
 .debug_macro   0x0000000000014370      0x1bc ./Core/Src/main.o
 .debug_macro   0x000000000001452c       0x34 ./Core/Src/main.o
 .debug_macro   0x0000000000014560       0x3c ./Core/Src/main.o
 .debug_macro   0x000000000001459c       0x57 ./Core/Src/main.o
 .debug_macro   0x00000000000145f3       0x88 ./Core/Src/main.o
 .debug_macro   0x000000000001467b      0x183 ./Core/Src/main.o
 .debug_macro   0x00000000000147fe      0x141 ./Core/Src/main.o
 .debug_macro   0x000000000001493f      0x217 ./Core/Src/main.o
 .debug_macro   0x0000000000014b56       0x69 ./Core/Src/main.o
 .debug_macro   0x0000000000014bbf       0x2e ./Core/Src/main.o
 .debug_macro   0x0000000000014bed       0xe8 ./Core/Src/main.o
 .debug_macro   0x0000000000014cd5       0x28 ./Core/Src/main.o
 .debug_macro   0x0000000000014cfd      0x197 ./Core/Src/stm32f1xx_hal_msp.o
 .debug_macro   0x0000000000014e94      0x1a1 ./Core/Src/stm32f1xx_it.o
 .debug_macro   0x0000000000015035      0x18d ./Core/Src/system_stm32f1xx.o
 .debug_macro   0x00000000000151c2      0x1b1 ./Drivers/STM32F1xx_HAL_Driver/Src/stm32f1xx_hal.o
 .debug_macro   0x0000000000015373      0x18d ./Drivers/STM32F1xx_HAL_Driver/Src/stm32f1xx_hal_cortex.o
 .debug_macro   0x0000000000015500      0x1f8 ./Drivers/STM32F1xx_HAL_Driver/Src/stm32f1xx_hal_gpio.o
 .debug_macro   0x00000000000156f8      0x19f ./Drivers/STM32F1xx_HAL_Driver/Src/stm32f1xx_hal_rcc.o
 .debug_macro   0x0000000000015897      0x195 ./Drivers/STM32F1xx_HAL_Driver/Src/stm32f1xx_hal_spi.o
 .debug_macro   0x0000000000015a2c      0x1ae ./ST7735/Src/st7735.o

.debug_line     0x0000000000000000     0x7fe8
 .debug_line    0x0000000000000000      0x973 ./Core/Src/main.o
 .debug_line    0x0000000000000973      0x6f4 ./Core/Src/stm32f1xx_hal_msp.o
 .debug_line    0x0000000000001067      0x71d ./Core/Src/stm32f1xx_it.o
 .debug_line    0x0000000000001784      0x6d7 ./Core/Src/system_stm32f1xx.o
 .debug_line    0x0000000000001e5b       0x87 ./Core/Startup/startup_stm32f103c6tx.o
 .debug_line    0x0000000000001ee2      0x970 ./Drivers/STM32F1xx_HAL_Driver/Src/stm32f1xx_hal.o
 .debug_line    0x0000000000002852      0xb11 ./Drivers/STM32F1xx_HAL_Driver/Src/stm32f1xx_hal_cortex.o
 .debug_line    0x0000000000003363      0xa0f ./Drivers/STM32F1xx_HAL_Driver/Src/stm32f1xx_hal_gpio.o
 .debug_line    0x0000000000003d72     0x104e ./Drivers/STM32F1xx_HAL_Driver/Src/stm32f1xx_hal_rcc.o
 .debug_line    0x0000000000004dc0     0x2774 ./Drivers/STM32F1xx_HAL_Driver/Src/stm32f1xx_hal_spi.o
 .debug_line    0x0000000000007534      0xab4 ./ST7735/Src/st7735.o

.debug_str      0x0000000000000000    0x7b90d
 .debug_str     0x0000000000000000    0x7a258 ./Core/Src/main.o
                                      0x7a5e1 (size before relaxing)
 .debug_str     0x000000000007a258       0x63 ./Core/Src/stm32f1xx_hal_msp.o
                                      0x79fc1 (size before relaxing)
 .debug_str     0x000000000007a2bb       0xc9 ./Core/Src/stm32f1xx_it.o
                                      0x79b91 (size before relaxing)
 .debug_str     0x000000000007a384       0x7e ./Core/Src/system_stm32f1xx.o
                                      0x79ba7 (size before relaxing)
 .debug_str     0x000000000007a402       0x36 ./Core/Startup/startup_stm32f103c6tx.o
                                         0x7c (size before relaxing)
 .debug_str     0x000000000007a438      0x5c3 ./Drivers/STM32F1xx_HAL_Driver/Src/stm32f1xx_hal.o
                                      0x7a2a0 (size before relaxing)
 .debug_str     0x000000000007a9fb      0x2c5 ./Drivers/STM32F1xx_HAL_Driver/Src/stm32f1xx_hal_cortex.o
                                      0x7a1ec (size before relaxing)
 .debug_str     0x000000000007acc0      0x30a ./Drivers/STM32F1xx_HAL_Driver/Src/stm32f1xx_hal_gpio.o
                                      0x79f2d (size before relaxing)
 .debug_str     0x000000000007afca      0x229 ./Drivers/STM32F1xx_HAL_Driver/Src/stm32f1xx_hal_rcc.o
                                      0x79fd6 (size before relaxing)
 .debug_str     0x000000000007b1f3      0x571 ./Drivers/STM32F1xx_HAL_Driver/Src/stm32f1xx_hal_spi.o
                                      0x7a4d3 (size before relaxing)
 .debug_str     0x000000000007b764      0x1a9 ./ST7735/Src/st7735.o
                                      0x7a524 (size before relaxing)

.comment        0x0000000000000000       0x50
 .comment       0x0000000000000000       0x50 ./Core/Src/main.o
                                         0x51 (size before relaxing)
 .comment       0x0000000000000050       0x51 ./Core/Src/stm32f1xx_hal_msp.o
 .comment       0x0000000000000050       0x51 ./Core/Src/stm32f1xx_it.o
 .comment       0x0000000000000050       0x51 ./Core/Src/system_stm32f1xx.o
 .comment       0x0000000000000050       0x51 ./Drivers/STM32F1xx_HAL_Driver/Src/stm32f1xx_hal.o
 .comment       0x0000000000000050       0x51 ./Drivers/STM32F1xx_HAL_Driver/Src/stm32f1xx_hal_cortex.o
 .comment       0x0000000000000050       0x51 ./Drivers/STM32F1xx_HAL_Driver/Src/stm32f1xx_hal_gpio.o
 .comment       0x0000000000000050       0x51 ./Drivers/STM32F1xx_HAL_Driver/Src/stm32f1xx_hal_rcc.o
 .comment       0x0000000000000050       0x51 ./Drivers/STM32F1xx_HAL_Driver/Src/stm32f1xx_hal_spi.o
 .comment       0x0000000000000050       0x51 ./ST7735/Src/st7735.o

.debug_frame    0x0000000000000000      0xe38
 .debug_frame   0x0000000000000000       0x64 ./Core/Src/main.o
 .debug_frame   0x0000000000000064       0x58 ./Core/Src/stm32f1xx_hal_msp.o
 .debug_frame   0x00000000000000bc       0xa0 ./Core/Src/stm32f1xx_it.o
 .debug_frame   0x000000000000015c       0x30 ./Core/Src/system_stm32f1xx.o
 .debug_frame   0x000000000000018c      0x1d4 ./Drivers/STM32F1xx_HAL_Driver/Src/stm32f1xx_hal.o
 .debug_frame   0x0000000000000360      0x120 ./Drivers/STM32F1xx_HAL_Driver/Src/stm32f1xx_hal_cortex.o
 .debug_frame   0x0000000000000480       0xd8 ./Drivers/STM32F1xx_HAL_Driver/Src/stm32f1xx_hal_gpio.o
 .debug_frame   0x0000000000000558      0x150 ./Drivers/STM32F1xx_HAL_Driver/Src/stm32f1xx_hal_rcc.o
 .debug_frame   0x00000000000006a8      0x58c ./Drivers/STM32F1xx_HAL_Driver/Src/stm32f1xx_hal_spi.o
 .debug_frame   0x0000000000000c34      0x1b8 ./ST7735/Src/st7735.o
 .debug_frame   0x0000000000000dec       0x2c c:/st/stm32cubeide_1.11.0/stm32cubeide/plugins/com.st.stm32cube.ide.mcu.externaltools.gnu-tools-for-stm32.10.3-2021.10.win32_1.0.200.202301161003/tools/bin/../lib/gcc/arm-none-eabi/10.3.1/../../../../arm-none-eabi/lib/thumb/v7-m/nofp\libc_nano.a(lib_a-init.o)
 .debug_frame   0x0000000000000e18       0x20 c:/st/stm32cubeide_1.11.0/stm32cubeide/plugins/com.st.stm32cube.ide.mcu.externaltools.gnu-tools-for-stm32.10.3-2021.10.win32_1.0.200.202301161003/tools/bin/../lib/gcc/arm-none-eabi/10.3.1/../../../../arm-none-eabi/lib/thumb/v7-m/nofp\libc_nano.a(lib_a-memset.o)
