../ST7735/Src/st7735.c:256:13:send_byte	16	static
../ST7735/Src/st7735.c:250:13:send_command	8	static
../ST7735/Src/st7735.c:262:13:send_data	0	static
../ST7735/Src/st7735.c:266:13:send_pixelVal	16	static
../ST7735/Src/st7735.c:153:6:ST7735_TFT_setXBoundary	16	static
../ST7735/Src/st7735.c:162:6:ST7735_TFT_setYBoundary	16	static
../ST7735/Src/st7735.c:171:6:ST7735_TFT_setWindow	16	static
../ST7735/Src/st7735.c:176:6:ST7735_TFT_setColorMod	8	static
../ST7735/Src/st7735.c:140:6:ST7735_TFT_init	8	static
../ST7735/Src/st7735.c:181:6:ST7735_TFT_setOrientation	8	static
../ST7735/Src/st7735.c:198:6:ST7735_TFT_Paint	32	static
../ST7735/Src/st7735.c:208:6:ST7735_TFT_fillScreen	24	static
../ST7735/Src/st7735.c:219:6:ST7735_TFT_writeChar	32	static
../ST7735/Src/st7735.c:233:6:ST7735_TFT_writeString	40	static
