../ST7735/Src/st7735.c:120:13:send_byte	16	static
../ST7735/Src/st7735.c:114:13:send_command	8	static
../ST7735/Src/st7735.c:126:13:send_data	0	static
../ST7735/Src/st7735.c:130:13:send_pixelVal	16	static
../ST7735/Src/st7735.c:53:6:ST7735_TFT_setXBoundary	16	static
../ST7735/Src/st7735.c:62:6:ST7735_TFT_setYBoundary	16	static
../ST7735/Src/st7735.c:71:6:ST7735_TFT_setWindow	16	static
../ST7735/Src/st7735.c:76:6:ST7735_TFT_setColorMod	8	static
../ST7735/Src/st7735.c:40:6:ST7735_TFT_init	8	static
../ST7735/Src/st7735.c:81:6:ST7735_TFT_fillScreen	24	static
../ST7735/Src/st7735.c:92:6:ST7735_TFT_writeA	24	static
