../ST7735/Src/st7735.c:271:13:send_byte	16	static
../ST7735/Src/st7735.c:265:13:send_command	8	static
../ST7735/Src/st7735.c:277:13:send_data	0	static
../ST7735/Src/st7735.c:281:13:send_pixelVal	16	static
../ST7735/Src/st7735.c:154:6:ST7735_TFT_setXBoundary	16	static
../ST7735/Src/st7735.c:163:6:ST7735_TFT_setYBoundary	16	static
../ST7735/Src/st7735.c:172:6:ST7735_TFT_setWindow	16	static
../ST7735/Src/st7735.c:177:6:ST7735_TFT_setColorMod	8	static
../ST7735/Src/st7735.c:141:6:ST7735_TFT_init	8	static
../ST7735/Src/st7735.c:182:6:ST7735_TFT_setOrientation	8	static
../ST7735/Src/st7735.c:213:6:ST7735_TFT_Paint	32	static
../ST7735/Src/st7735.c:223:6:ST7735_TFT_fillScreen	24	static
../ST7735/Src/st7735.c:234:6:ST7735_TFT_writeChar	32	static
../ST7735/Src/st7735.c:248:6:ST7735_TFT_writeString	40	static
