../ST7735/Src/st7735.c:211:13:send_byte	16	static
../ST7735/Src/st7735.c:205:13:send_command	8	static
../ST7735/Src/st7735.c:217:13:send_data	0	static
../ST7735/Src/st7735.c:221:13:send_pixelVal	16	static
../ST7735/Src/st7735.c:135:6:ST7735_TFT_setXBoundary	16	static
../ST7735/Src/st7735.c:144:6:ST7735_TFT_setYBoundary	16	static
../ST7735/Src/st7735.c:153:6:ST7735_TFT_setWindow	16	static
../ST7735/Src/st7735.c:158:6:ST7735_TFT_setColorMod	8	static
../ST7735/Src/st7735.c:122:6:ST7735_TFT_init	8	static
../ST7735/Src/st7735.c:163:6:ST7735_TFT_fillScreen	24	static
../ST7735/Src/st7735.c:174:6:ST7735_TFT_writeChar	32	static
../ST7735/Src/st7735.c:188:6:ST7735_TFT_writeString	40	static
